(TypeDefs
  (Int 8)
  (UInt 8)
  (UInt 4)
  (ProcTy (Void))
)
(GlobalDefs)
(ProcDefs
  (ProcDef (Type 3)
    (Locals (Type 0) (Type 1) (Type 2))
    (Continuations
      (Continuation (Params)
        (Locals (Local 0))
        (Continue 1)
      )
      (Continuation (Params)
        (Locals (Local 1))
        (Continue 2)
      )
      (Continuation (Params)
        (Locals (Local 2))
        (Continue 3)
      )
      (Continuation (Params))
    )
  )
)
