(TypeDefs
  (Int 8)
  (ProcTy (Type 0))
)
(GlobalDefs)
(ProcDefs
  (ProcDef (Type 1)
    (Locals (Type 0))
    (Continuations
      (Continuation (Params)
        (Locals (Local 0))
        (Continue 1
          (Copy (Local 0))
        )
      )
      (Continuation
        (Params (Type 0))
      )
    )
  )
)
