(TypeDefs
  (Int 8)
  (ProcTy (Void))
)
(GlobalDefs)
(ProcDefs
  (ProcDef (Type 1)
    (Locals (Type 0) (Type 0))
    (Continuations
      (Continuation (Params)
        (Locals (Local 0) (Local 1))
        (SelectBool (IntVal 0)
          (Continue 3)
          (Continue 1)
        )
      )
      (Continuation (Params)
        (Locals (Local 0) (Local 1))
        (Asgn (Local 1)
          (Copy (Local 0))
        )
        (Continue 2)
      )
      (Continuation (Params)
        (Locals (Local 1) (Local 0))
        (Continue 3)
      )
      (Continuation (Params)
        (Locals (Local 0) (Local 1))
        (Continue 4)
      )
      (Continuation (Params))
    )
  )
)
