;$sexp
(TypeDefs
  (Int 8)
  (ProcTy (Void)))
(GlobalDefs)
(ProcDefs
  (ProcDef (Type 1)
    (Locals (Type 0))
    (Continuations
      (Continuation (Params)
        (Locals (Local 0))
        (SelectBool (IntVal 0)
          (Continue 1)
          (Continue 2)))
      (Continuation (Params)
        (Locals (Local 0))
        (SelectBool (IntVal 0)
          (Continue 2)
          (Continue 3)))
      (Continuation (Params)
        (Locals (Local 0))
        (Continue 13))
      (Continuation (Params)
        (Locals (Local 0))
        (SelectBool (IntVal 0)
          (Continue 4)
          (Continue 12)))
      (Continuation (Params)
        (Locals (Local 0))
        (SelectBool (IntVal 0)
          (Continue 5)
          (Continue 6)))
      (Continuation (Params)
        (Locals (Local 0))
        (SelectBool (IntVal 0)
          (Continue 6)
          (Continue 7)))
      (Continuation (Params)
        (Locals (Local 0))
        (Continue 13))
      (Continuation (Params)
        (Locals (Local 0))
        (SelectBool (IntVal 0)
          (Continue 8)
          (Continue 12)))
      (Continuation (Params)
        (Locals (Local 0))
        (SelectBool (IntVal 0)
          (Continue 9)
          (Continue 10)))
      (Continuation (Params)
        (Locals (Local 0))
        (SelectBool (IntVal 0)
          (Continue 10)
          (Continue 11)))
      (Continuation (Params)
        (Locals (Local 0))
        (Continue 13))
      (Continuation (Params)
        (Locals (Local 0))
        (Continue 12))
      (Continuation (Params)
        (Locals (Local 0))
        (Continue 13))
      (Continuation (Params)))))
