;$sexp
(TypeDefs
  (Int 8)
  (ProcTy (Void)))
(GlobalDefs)
(ProcDefs
  (ProcDef (Type 1)
    (Locals (Type 0) (Type 0))
    (Continuations
      (Continuation (Params) (Locals)
        (SelectBool (IntVal 0)
          (Continue 1)
          (Continue 2)))
      (Continuation (Params)
        (Locals (Local 0))
        (Continue 5))
      (Continuation (Params)
        (Locals (Local 1))
        (SelectBool (IntVal 0)
          (Continue 3)
          (Continue 4)))
      (Continuation (Params)
        (Locals (Local 1) (Local 0))
        (Asgn (Local 0)
          (Copy (Local 1)))
        (Continue 5))
      (Continuation (Params)
        (Locals (Local 1))
        (Continue 6))
      (Continuation (Params)
        (Locals (Local 0))
        (Continue 6))
      (Continuation (Params)))))
