;$sexp
(TypeDefs
  (Int 8)
  (ProcTy (Type 0) (Type 0))
  (ProcTy (Void))
)
(GlobalDefs)
(ProcDefs
  (ProcDef (Type 1)
    (Locals (Type 0))
    (Continuations
      (Continuation (Params)
        (Locals (Local 0))
        (Continue 1
          (Copy (Local 0))
        )
      )
      (Continuation
        (Params (Type 0))
      )
    )
  )
  (ProcDef (Type 2)
    (Locals (Type 0))
    (Continuations
      (Continuation (Params)
        (Locals (Local 0))
        (CheckedCallAsgn (Local 0) (Proc 0)
          (Copy (Local 0))
          (Continue 1)
          (Unwind)
        )
      )
      (Continuation (Params)
        (Locals (Local 0))
        (Continue 2)
      )
      (Continuation (Params))
    )
  )
)
