(TypeDefs
  (Int 8)
  (ProcTy (Void))
)
(GlobalDefs)
(ProcDefs
  (ProcDef (Type 1)
    (Locals (Type 0) (Type 0))
    (Continuations
      (Continuation (Params)
        (Locals (Local 0))
        (Asgn (Local 0) (IntVal 200))
        (Raise (IntVal 100)
          (Continue 1)
        )
      )
      (Except (Local 1)
        (Locals (Local 1) (Local 0))
        (Continue 2)
      )
      (Continuation (Params))
    )
  )
)
