;$sexp
(TypeDefs
  (Int 8)
  (ProcTy (Type 0))
  (ProcTy (Void)))
(GlobalDefs)
(ProcDefs
  (ProcDef (Type 1) (Locals)
    (List
      (Block (Params)
        (Return (IntVal 100)))))
  (ProcDef (Type 2) (Locals)
    (List
      (Block (Params)
        (Drop
          (Call (Proc 0)))
        (Return)))))
