;$sexp
(TypeDefs
  (Int 8)
  (ProcTy (Void) (Type 0) (Type 0))
  (ProcTy (Void)))
(GlobalDefs)
(ProcDefs
  (ProcDef (Type 1)
    (Locals (Type 0) (Type 0))
    (List
      (Block
        (Params (Local 1) (Local 0))
        (Drop (Copy (Local 1)))
        (Drop (Copy (Local 0)))
        (Return))))
  (ProcDef (Type 2) (Locals)
    (List
      (Block (Params)
        (Call (Type 1) (Proc 0) (IntVal 100) (IntVal 200))
        (Return)))))
