;$sexp
(TypeDefs
  (Int 8)
  (ProcTy (Void)))
(GlobalDefs)
(ProcDefs
  (ProcDef (Type 1) (Locals)
    (List
      (Block (Params)
        (Return))))
  (ProcDef (Type 1) (Locals)
    (List
      (Block (Params)
        (CheckedCall (Type 1) (Proc 0)
          (Goto 1)
          (Unwind)))
      (Block (Params)
        (Return)))))
