;$sexp
(TypeDefs
  (Int 8)
  (ProcTy (Void)))
(GlobalDefs)
(ProcDefs
  (ProcDef (Type 1) (Locals)
    (List
      (Block (Params)
        (Return))))
  (ProcDef (Type 1)
    (Locals (Type 0))
    (List
      (Block (Params)
        (CheckedCall (Proc 0)
          (Goto 1)
          (Goto 2)))
      (Block (Params)
        (Return))
      (Except (Params (Local 0))
        (Return)))))
