;$sexp
(TypeDefs
  (Int 8)
  (ProcTy (Void)))
(GlobalDefs)
(ProcDefs
  (ProcDef (Type 1) 0
    (Locals (Type 0) (Type 0))
    (List
      (Block (Params)
        (Asgn (Local 0) (IntVal 100))
        (Raise (IntVal 200)
          (Goto 1)))
      (Except (Local 1)
        (Drop
          (Move (Local 1)))
        (Drop
          (Move (Local 0)))
        (Return)))))
