;$sexp
(TypeDefs
  (UInt 8)
  (ProcTy (Void))
)
(GlobalDefs)
(ProcDefs
  (ProcDef (Type 1)
    (Locals (Type 0) (Type 0))
    (Continuations
      (Continuation (Params) 16
        (Asgn (Local 0)
          (Addr (IntVal 0))
        )
        (Asgn (Local 1)
          (Addr (IntVal 16))
        )
        (Continue 1)
      )
      (Continuation (Params) 32
        (Continue 2)
      )
      (Continuation (Params) 32
        (Continue 3)
      )
      (Continuation (Params))
    )
  )
)
