Module
  TypeDefs
    UInt
      Immediate 8
    ProcTy
      Void
  GlobalDefs
  ProcDefs
    ProcDef
      Type 1
      Locals
        Type 0
        Type 0
        Type 0
      Continuations
        Continuation
          Params
          Immediate 0
          Asgn
            Local 0
            Addr
              IntVal 0
          Asgn
            Local 1
            Addr
              IntVal 16
          Asgn
            Local 2
            Addr
              IntVal 32
          SelectBool
            IntVal 1
            Continue
              Immediate 1
            Continue
              Immediate 2
        Continuation
          Params
          Immediate 16
          Continue
            Immediate 3
        Continuation
          Params
          Immediate 32
          Continue
            Immediate 3
        Continuation
          Params
          Immediate 48
          Continue
            Immediate 4
        Continuation
          Params
