;$sexp
(TypeDefs
  (Int 8)
  (ProcTy (Type 0) (Type 0))
  (ProcTy (Void))
)
(GlobalDefs)
(ProcDefs
  (ProcDef (Type 1) 0
    (Locals (Type 0))
    (List
      (Block (Params)
        (Return (IntVal 100)))))
  (ProcDef (Type 2) 0
    (Locals (Type 0))
    (List
      (Block (Params)
        (Asgn (Local 0) (IntVal 100))
        (CheckedCallAsgn (Local 0) (Proc 0)
          (Move (Local 0))
          (Goto 1)
          (Unwind)))
      (Block (Params) (Return)))))
