;$sexp
(TypeDefs
  (Int 4)
  (Blob 8)
  (ProcTy (Void))
)
(GlobalDefs)
(ProcDefs
  (ProcDef (Type 2)
    (Locals (Type 1))
    (Continuations
      (Continuation (Params)
        (Locals (Local 0))
        (Drop
          (Add (UInt 8)
            (Addr (Local 0))
            (IntVal 0)
          )
        )
        (Drop
          (Add (UInt 8)
            (Addr (Local 0))
            (IntVal 4)
          )
        )
        (Continue 1)
      )
      (Continuation (Params))
    )
  )
)
