;$sexp
(TypeDefs
  (UInt 8)
  (Int 4)
  (ProcTy (Void))
)
(GlobalDefs)
(ProcDefs
  (ProcDef (Type 2) 8
    (List
      (Block (Params (Type 0))
        (Locals)
        (Drop
          (Copy (Param 0))
        )
        (Drop
          (Add (Type 0)
            (Copy (Param 0))
            (IntVal 4)
          )
        )
        (Return)
      )
    )
  )
)
