;$sexp
(TypeDefs
  (Int 8)
  (Blob 8)
  (ProcTy (Void))
  (UInt 8))
(GlobalDefs)
(ProcDefs
  (ProcDef (Type 2)
    (Locals (Type 1) (Type 1))
    (Continuations
      (Continuation (Params)
        (Locals (Local 0) (Local 1))
        (Copy
          (Addr (Local 0))
          (Addr (Local 1))
          (IntVal 8))
        (Continue 1))
      (Continuation (Params)))))
