;$sexp
(TypeDefs
  (Int 8)
  (ProcTy (Void))
  (UInt 8))
(GlobalDefs)
(ProcDefs
  (ProcDef (Type 1) 0
    (List
      (Block (Params) (Locals)
        (Drop
          (Load (Type 0) (IntVal 0)))
        (Drop
          (Load (Type 0) (IntVal 0)))
        (Drop
          (Load (Type 0) (IntVal 0)))
        (Return)))))
