;$sexp
(TypeDefs
  (Int 8)
  (ProcTy (Void))
  (UInt 8))
(GlobalDefs)
(ProcDefs
  (ProcDef (Type 1) 0
    (List
      (Block (Params) (Locals)
        (Store (Type 0) (IntVal 0) (IntVal 100))
        (Store (Type 0) (IntVal 0) (IntVal 200))
        (Store (Type 0) (IntVal 0) (IntVal 300))
        (Return)))))
