;$sexp
(TypeDefs
  (Int 8)
  (ProcTy (Void)))
(GlobalDefs)
(ProcDefs
  (ProcDef (Type 1) (Params) (Locals)
    (Stmts
      (Drop (IntVal 100))
      (Select (Type 0) (IntVal 0)
        (Choice (IntVal 0)
          (Continue 0)))
      (Join 0)
      (Drop (IntVal 200))
      (Continue 1)
      (Join 1)
      (Drop (IntVal 300))
      (Return))))
