;$sexp
(TypeDefs
  (Int 8)
  (ProcTy (Void)))
(GlobalDefs)
(ProcDefs
  (ProcDef (Type 1) (Params) (Locals)
    (Stmts
      (Select (Type 0) (IntVal 0)
        (Choice (IntVal 0)
          (Goto 0))
        (Choice (IntVal 1)
          (Goto 1))
        (Choice (IntVal 2)
          (Goto 2)))
      (Join 0)
      (Drop (IntVal 100))
      (Goto 3)
      (Join 1)
      (Drop (IntVal 200))
      (Goto 3)
      (Join 2)
      (Drop (IntVal 300))
      (Goto 3)
      (Join 3)
      (Drop (IntVal 400))
      (Return))))
