(TypeDefs
  (Int 8)
  (ProcTy (Void)))
(GlobalDefs)
(ProcDefs
  (ProcDef (Type 1)
    (Continuations
      (Continuation (Params) (Locals)
        (Select (Type 0) (IntVal 0)
          (Choice (IntVal 0)
            (Continue 1 (List)))
          (Choice (IntVal 1)
            (Continue 2 (List)))
          (Choice (IntVal 2)
            (Continue 3 (List)))))
      (Continuation (Params) (Locals)
        (Drop (IntVal 100))
        (Continue 4 (List)))
      (Continuation (Params) (Locals)
        (Drop (IntVal 200))
        (Continue 4 (List)))
      (Continuation (Params) (Locals)
        (Drop (IntVal 300))
        (Continue 4 (List)))
      (Continuation (Params) (Locals)
        (Drop (IntVal 400))
        (Continue 5 (List)))
      (Continuation (Params)))))
