;$sexp
(TypeDefs
  (Record 4 4
    (Field 0 (Int 4)))
  (ProcTy (Void) (Ptr))
  (ProcTy (Void) (Ptr))
  (ProcTy (Void)))
(GlobalDefs)
(ProcDefs
  (ProcDef (Type 1)
    (Locals (Type 0) (Ptr))
    (List
      (Block
        (Params (Local 1))
        (Store (Type 0)
          (Copy (Local 1))
          (Copy (Local 0)))
        (Return))))
  (ProcDef (Type 2)
    (Locals (Ptr) (Type 0))
    (List
      (Block
        (Params (Local 0))
        (Drop
          (Copy (Local 0)))
        (Asgn (Local 1)
          (Load (Type 0)
            (Copy (Local 0))))
        (Asgn
          (Path (Int 4)
            (Deref (Type 0)
              (Copy
                (Local 0)))
            0)
          (IntVal 100))
        (Return))))
  (ProcDef (Type 3)
    (Locals (Type 0) (Type 0) (Type 0) (Type 0))
    (List
      (Block (Params)
        (Asgn (Local 1)
          (Copy (Local 0)))
        (Call (Proc 1)
          (Addr (Local 1)))
        (Asgn (Local 2)
          (Load (Type 0)
            (Addr (Local 0))))
        (Call (Proc 1)
          (Addr (Local 2)))
        (Call (Proc 0)
          (Addr (Local 3)))
        (Call (Proc 1)
          (Addr (Local 3)))
        (Return)))))
