;$sexp
(TypeDefs
  (Blob 1 1)
  (Blob 1 2)
  (Blob 1 4)
  (Blob 1 8)
  (Blob 17 4)
  (ProcTy (Void)))
(GlobalDefs)
(ProcDefs
  (ProcDef (Type 5) 32
    (Locals (Ptr))
    (List
      (Block
        (Params (Local 0))
        (Drop
          (Copy (Local 0)))
        (Drop
          (Offset
            (Copy (Local 0))
            (IntVal 24)
            (IntVal 1)))
        (Drop
          (Offset
            (Copy (Local 0))
            (IntVal 25)
            (IntVal 1)))
        (Drop
          (Offset
            (Copy (Local 0))
            (IntVal 28)
            (IntVal 1)))
        (Drop
          (Offset
            (Copy (Local 0))
            (IntVal 29)
            (IntVal 1)))
        (Drop
          (Offset
            (Copy (Local 0))
            (IntVal 30)
            (IntVal 1)))
        (Return)))))
